bbb
fast_netflix_Aerial
fast_netflix_BarScene
fast_netflix_Boat
fast_netflix_BoxingPractice
fast_netflix_Crosswalk
fast_netflix_Dancers
fast_netflix_DinnerScene
fast_netflix_DrivingPOV
fast_netflix_FoodMarket
fast_netflix_FoodMarket2
fast_netflix_Narrator
fast_netflix_PierSeaside
fast_netflix_RitualDance
fast_netflix_RollerCoaster
fast_netflix_SquareAndTimelapse
fast_netflix_Tango
fast_netflix_ToddlerFountain
fast_netflix_TunnelFlag
fast_netflix_WindAndNature
reds_025
reds_084
reds_125
reds_135
reds_152
reds_187
