input/crowd_run-h264-1400000-001.png
input/crowd_run-h264-1400000-002.png
input/crowd_run-h264-1400000-003.png
input/crowd_run-h264-1400000-004.png
input/crowd_run-h264-4000000-001.png
input/crowd_run-h264-4000000-002.png
input/crowd_run-h264-4000000-003.png
input/crowd_run-h264-4000000-004.png
input/crowd_run-vp9-1400000-001.png
input/crowd_run-vp9-1400000-002.png
input/crowd_run-vp9-1400000-003.png
input/crowd_run-vp9-1400000-004.png
input/crowd_run-vp9-4000000-001.png
input/crowd_run-vp9-4000000-002.png
input/crowd_run-vp9-4000000-003.png
input/crowd_run-vp9-4000000-004.png
input/ducks_take_off-h264-1400000-001.png
input/ducks_take_off-h264-1400000-002.png
input/ducks_take_off-h264-1400000-003.png
input/ducks_take_off-h264-1400000-004.png
input/ducks_take_off-h264-4000000-001.png
input/ducks_take_off-h264-4000000-002.png
input/ducks_take_off-h264-4000000-003.png
input/ducks_take_off-h264-4000000-004.png
input/ducks_take_off-vp9-1400000-001.png
input/ducks_take_off-vp9-1400000-002.png
input/ducks_take_off-vp9-1400000-003.png
input/ducks_take_off-vp9-1400000-004.png
input/ducks_take_off-vp9-4000000-001.png
input/ducks_take_off-vp9-4000000-002.png
input/ducks_take_off-vp9-4000000-003.png
input/ducks_take_off-vp9-4000000-004.png
input/park_joy-h264-1400000-001.png
input/park_joy-h264-1400000-002.png
input/park_joy-h264-1400000-003.png
input/park_joy-h264-1400000-004.png
input/park_joy-h264-4000000-001.png
input/park_joy-h264-4000000-002.png
input/park_joy-h264-4000000-003.png
input/park_joy-h264-4000000-004.png
input/park_joy-vp9-1400000-001.png
input/park_joy-vp9-1400000-002.png
input/park_joy-vp9-1400000-003.png
input/park_joy-vp9-1400000-004.png
input/park_joy-vp9-4000000-001.png
input/park_joy-vp9-4000000-002.png
input/park_joy-vp9-4000000-003.png
input/park_joy-vp9-4000000-004.png
