input/crowd_run-h264-350000-001.png
input/crowd_run-h264-350000-002.png
input/crowd_run-h264-350000-003.png
input/crowd_run-h264-350000-004.png
input/crowd_run-h264-1000000-001.png
input/crowd_run-h264-1000000-002.png
input/crowd_run-h264-1000000-003.png
input/crowd_run-h264-1000000-004.png
input/crowd_run-vp9-350000-001.png
input/crowd_run-vp9-350000-002.png
input/crowd_run-vp9-350000-003.png
input/crowd_run-vp9-350000-004.png
input/crowd_run-vp9-1000000-001.png
input/crowd_run-vp9-1000000-002.png
input/crowd_run-vp9-1000000-003.png
input/crowd_run-vp9-1000000-004.png
input/four_people-h264-350000-001.png
input/four_people-h264-350000-002.png
input/four_people-h264-350000-003.png
input/four_people-h264-350000-004.png
input/four_people-h264-1000000-001.png
input/four_people-h264-1000000-002.png
input/four_people-h264-1000000-003.png
input/four_people-h264-1000000-004.png
input/four_people-vp9-350000-001.png
input/four_people-vp9-350000-002.png
input/four_people-vp9-350000-003.png
input/four_people-vp9-350000-004.png
input/four_people-vp9-1000000-001.png
input/four_people-vp9-1000000-002.png
input/four_people-vp9-1000000-003.png
input/four_people-vp9-1000000-004.png
input/johnny-h264-350000-001.png
input/johnny-h264-350000-002.png
input/johnny-h264-350000-003.png
input/johnny-h264-350000-004.png
input/johnny-h264-1000000-001.png
input/johnny-h264-1000000-002.png
input/johnny-h264-1000000-003.png
input/johnny-h264-1000000-004.png
input/johnny-vp9-350000-001.png
input/johnny-vp9-350000-002.png
input/johnny-vp9-350000-003.png
input/johnny-vp9-350000-004.png
input/johnny-vp9-1000000-001.png
input/johnny-vp9-1000000-002.png
input/johnny-vp9-1000000-003.png
input/johnny-vp9-1000000-004.png
