fit reds_025 4
fit reds_025 8
fit reds_025 12
fit reds_187 4
fit reds_187 8
fit reds_187 12
fit fast_netflix_Aerial 4
fit fast_netflix_Aerial 8
fit fast_netflix_Aerial 12
fit reds_125 4
fit reds_125 8
fit reds_125 12
fit fast_netflix_BoxingPractice 4
fit fast_netflix_BoxingPractice 8
fit fast_netflix_BoxingPractice 12
fit fast_netflix_ToddlerFountain 4
fit fast_netflix_ToddlerFountain 8
fit fast_netflix_ToddlerFountain 12
fit fast_netflix_WindAndNature 4
fit fast_netflix_WindAndNature 8
fit fast_netflix_WindAndNature 12
fit fast_netflix_Crosswalk 4
fit fast_netflix_Crosswalk 8
fit fast_netflix_Crosswalk 12
fit fast_netflix_RitualDance 4
fit fast_netflix_RitualDance 8
fit fast_netflix_RitualDance 12
fit fast_netflix_Dancers 4
fit fast_netflix_Dancers 8
fit fast_netflix_Dancers 12
fit fast_netflix_Boat 4
fit fast_netflix_Boat 8
fit fast_netflix_Boat 12
fit fast_netflix_Tango 4
fit fast_netflix_Tango 8
fit fast_netflix_Tango 12
fit fast_netflix_DinnerScene 4
fit fast_netflix_DinnerScene 8
fit fast_netflix_DinnerScene 12
check fast_netflix_Narrator 4
check fast_netflix_Narrator 8
check fast_netflix_Narrator 12
check reds_084 4
check reds_084 8
check reds_084 12
check fast_netflix_TunnelFlag 4
check fast_netflix_TunnelFlag 8
check fast_netflix_TunnelFlag 12
check reds_135 4
check reds_135 8
check reds_135 12
check fast_netflix_FoodMarket 4
check fast_netflix_FoodMarket 8
check fast_netflix_FoodMarket 12
check fast_netflix_RollerCoaster 4
check fast_netflix_RollerCoaster 8
check fast_netflix_RollerCoaster 12
check fast_netflix_PierSeaside 4
check fast_netflix_PierSeaside 8
check fast_netflix_PierSeaside 12
check fast_netflix_BarScene 4
check fast_netflix_BarScene 8
check fast_netflix_BarScene 12
check fast_netflix_DrivingPOV 4
check fast_netflix_DrivingPOV 8
check fast_netflix_DrivingPOV 12
check fast_netflix_SquareAndTimelapse 4
check fast_netflix_SquareAndTimelapse 8
check fast_netflix_SquareAndTimelapse 12
check fast_netflix_FoodMarket2 4
check fast_netflix_FoodMarket2 8
check fast_netflix_FoodMarket2 12
check bbb 4
check bbb 8
check bbb 12
check reds_152 4
check reds_152 8
check reds_152 12
{
  "shipping": {
    "mse_improvement": 0.010346744500875915,
    "fine_correlation_change": 0.010514446813832734,
    "sources_with_both_improved": 10
  },
  "spatial": {
    "mse_improvement": 0.009754919548737973,
    "fine_correlation_change": 0.004184550911208729,
    "sources_with_both_improved": 11
  },
  "unaligned": {
    "mse_improvement": 0.012314171398402074,
    "fine_correlation_change": 0.005170832039838813,
    "sources_with_both_improved": 11
  }
}
